C:\Users\Jacobo.montero\Documents\reservasalasoptimissa\reserva\src\main\java\com\reserva\dtos\FechasHorasDto.java
C:\Users\Jacobo.montero\Documents\reservasalasoptimissa\reserva\src\main\java\com\reserva\entities\ReservasEntity.java
C:\Users\Jacobo.montero\Documents\reservasalasoptimissa\reserva\src\main\java\com\reserva\services\impl\ReservasServiceImpl.java
C:\Users\Jacobo.montero\Documents\reservasalasoptimissa\reserva\src\main\java\com\reserva\services\UsuarioService.java
C:\Users\Jacobo.montero\Documents\reservasalasoptimissa\reserva\src\main\java\com\reserva\dtos\SalasDto.java
C:\Users\Jacobo.montero\Documents\reservasalasoptimissa\reserva\src\main\java\com\reserva\services\impl\UsuarioServiceImpl.java
C:\Users\Jacobo.montero\Documents\reservasalasoptimissa\reserva\src\main\java\com\reserva\configuration\service\UserDetailsServiceImpl.java
C:\Users\Jacobo.montero\Documents\reservasalasoptimissa\reserva\src\main\java\com\reserva\controller\ReservasController.java
C:\Users\Jacobo.montero\Documents\reservasalasoptimissa\reserva\src\main\java\com\reserva\services\ReservasService.java
C:\Users\Jacobo.montero\Documents\reservasalasoptimissa\reserva\src\main\java\com\reserva\dtos\ReservasDto.java
C:\Users\Jacobo.montero\Documents\reservasalasoptimissa\reserva\src\main\java\com\reserva\dtos\UsuarioDto.java
C:\Users\Jacobo.montero\Documents\reservasalasoptimissa\reserva\src\main\java\com\reserva\daos\SalasDao.java
C:\Users\Jacobo.montero\Documents\reservasalasoptimissa\reserva\src\main\java\com\reserva\entities\SalasEntity.java
C:\Users\Jacobo.montero\Documents\reservasalasoptimissa\reserva\src\main\java\com\reserva\daos\ReservasDao.java
C:\Users\Jacobo.montero\Documents\reservasalasoptimissa\reserva\src\main\java\com\reserva\daos\impl\ReservasDaoImpl.java
C:\Users\Jacobo.montero\Documents\reservasalasoptimissa\reserva\src\main\java\com\reserva\daos\FechasHorasDao.java
C:\Users\Jacobo.montero\Documents\reservasalasoptimissa\reserva\src\main\java\com\reserva\daos\UsuarioDao.java
C:\Users\Jacobo.montero\Documents\reservasalasoptimissa\reserva\src\main\java\com\reserva\services\FechasHorasService.java
C:\Users\Jacobo.montero\Documents\reservasalasoptimissa\reserva\src\main\java\com\reserva\entities\FechasHorasEntity.java
C:\Users\Jacobo.montero\Documents\reservasalasoptimissa\reserva\src\main\java\com\reserva\ReservasApplication.java
C:\Users\Jacobo.montero\Documents\reservasalasoptimissa\reserva\src\main\java\com\reserva\configuration\dao\GenericDao.java
C:\Users\Jacobo.montero\Documents\reservasalasoptimissa\reserva\src\main\java\com\reserva\daos\impl\UsuarioDaoImpl.java
C:\Users\Jacobo.montero\Documents\reservasalasoptimissa\reserva\src\main\java\com\reserva\services\impl\FechasHorasServiceImpl.java
C:\Users\Jacobo.montero\Documents\reservasalasoptimissa\reserva\src\main\java\com\reserva\daos\impl\SalasDaoImpl.java
C:\Users\Jacobo.montero\Documents\reservasalasoptimissa\reserva\src\main\java\com\reserva\entities\UsuarioEntity.java
C:\Users\Jacobo.montero\Documents\reservasalasoptimissa\reserva\src\main\java\com\reserva\services\SalasService.java
C:\Users\Jacobo.montero\Documents\reservasalasoptimissa\reserva\src\main\java\com\reserva\services\impl\SalasServiceImpl.java
C:\Users\Jacobo.montero\Documents\reservasalasoptimissa\reserva\src\main\java\com\reserva\daos\impl\FechasHorasDaoImpl.java
