com\reserva\daos\UsuarioDao.class
com\reserva\services\impl\UsuarioServiceImpl.class
com\reserva\dtos\SalasDto.class
com\reserva\daos\impl\SalasDaoImpl.class
com\reserva\dtos\ReservasDto.class
com\reserva\services\impl\SalasServiceImpl.class
com\reserva\daos\impl\UsuarioDaoImpl.class
com\reserva\services\FechasHorasService.class
com\reserva\services\impl\ReservasServiceImpl.class
com\reserva\entities\SalasEntity.class
com\reserva\daos\ReservasDao.class
com\reserva\dtos\FechasHorasDto.class
com\reserva\dtos\UsuarioDto.class
com\reserva\services\ReservasService.class
com\reserva\ReservasApplication.class
com\reserva\daos\FechasHorasDao.class
com\reserva\daos\SalasDao.class
com\reserva\entities\UsuarioEntity.class
com\reserva\entities\FechasHorasEntity.class
com\reserva\configuration\service\UserDetailsServiceImpl.class
com\reserva\services\UsuarioService.class
com\reserva\configuration\dao\GenericDao.class
com\reserva\services\impl\FechasHorasServiceImpl.class
com\reserva\services\SalasService.class
com\reserva\daos\impl\FechasHorasDaoImpl.class
com\reserva\entities\ReservasEntity.class
com\reserva\daos\impl\ReservasDaoImpl.class
com\reserva\controller\ReservasController.class
